// Vitest Snapshot v1, https://vitest.dev/guide/snapshot.html

exports[`Projects snapshot test > matches snapshot 1`] = `
<div>
  <main>
    <div
      class="keyart"
    >
      <div
        class="Navbar"
      >
        <nav>
          <a
            aria-current="page"
            class="Navbar-title active"
            href="/"
          >
            Carl Molina
          </a>
          <ul>
            <li>
              <a
                download="Carl_Molina_Resume.pdf"
                href="/public/Carl_Molina_Resume.pdf"
              >
                Resume
              </a>
            </li>
            <li>
              <a
                class=""
                href="/projects"
              >
                Projects
              </a>
            </li>
            <li>
              <a
                class=""
                href="/contact"
              >
                Contact
              </a>
            </li>
          </ul>
        </nav>
      </div>
      <div
        class="Parallax-main"
        style="position: absolute; width: 100%; height: 100%; overflow-y: scroll; overflow-x: hidden; transform: translate3d(0px,0px,0px);"
      >
        <div
          style="overflow: hidden; position: absolute; width: 100%; height: 0px; transform: translate3d(0px,0px,0px);"
        >
          <div
            class="tree-bg"
            style="position: absolute; top: 0px; bottom: 0px; left: 0px; right: 0px; background-size: cover; background-repeat: no-repeat; will-change: transform; width: 100%; height: 0px; transform: translate3d(0,0px,0); background-image: url(/public/IMG_1458.jpg);"
          >
            <div
              class="container"
            >
              <img
                alt="profile photo"
                class="profile-img col-8 mt-5"
                src="/public/CarlMolina_ProfilePhoto4.jpg"
              />
              <div
                class="Intro-container col-4 mt-5 ml-5 mr-5"
              >
                <div
                  class="RoutesList"
                >
                  <h1>
                    Software Engineer
                  </h1>
                  <h3>
                    Sunnyvale, CA
                  </h3>
                  <p>
                    Former Field Op Specialist with calibration and sensor health experience in the autonomous vehicle industry.
                    <br />
                    <br />
                    Now full-stack software developer building React-TypeScript apps, automating tests, andÂ 
                    <i>
                      <a
                        class="Medium-post"
                        href="https://medium.com/@carlandrew.molina
                    /ordering-a-burritozilla-in-the-middle-of-a-coding-bootcamp
                    -15dadf1eca22"
                        rel="noopener"
                        target="_blank"
                      >
                        deciding whether or not to eat a Burritozilla for the umpteenth time.
                      </a>
                    </i>
                  </p>
                </div>
                <button
                  class="css-button-arrow--green"
                >
                  More About Me
                </button>
              </div>
            </div>
          </div>
          <div
            class="mountains-fg"
            style="position: absolute; top: 0px; bottom: 0px; left: 0px; right: 0px; background-size: cover; background-repeat: repeat; will-change: transform; width: 100%; height: 0px; transform: translate3d(0,0px,0); background-image: url(/public/layered-peaks-haikei.svg);"
          >
            <div
              class="Body-container"
              id="about-me"
            >
              <div
                class="Body-container"
              >
                <h2
                  class="Body-header mt-5"
                >
                  Experience
                </h2>
                <h3>
                  Field Operator Specialist III
                </h3>
                <h4
                  class="Kett"
                >
                  <a
                    href="https://www.ketteng.com/"
                    rel="noopener"
                    target="_blank"
                  >
                    Kett Engineering 2018-2023
                  </a>
                </h4>
                <h2
                  class="Body-header mt-5"
                >
                  Education
                </h2>
                <h3
                  class="RS-title mt-4"
                >
                  Full Stack Web Development
                </h3>
                <h4
                  class="RS"
                >
                  <a
                    href="https://www.rithmschool.com/"
                    rel="noopener"
                    target="_blank"
                  >
                    Rithm School 2023-2024
                  </a>
                </h4>
                <h3
                  class="De-Anza mt-4"
                >
                  Associate of Science, Computer Science
                </h3>
                <h4
                  class="RS"
                >
                  <a
                    href="https://www.deanza.edu/"
                    rel="noopener"
                    target="_blank"
                  >
                    De Anza College 2019
                  </a>
                </h4>
                <h3
                  class="LMU mt-4"
                >
                  Bachelor of Arts, Screenwriting
                </h3>
                <h4
                  class="RS"
                >
                  <a
                    href="https://www.lmu.edu/"
                    rel="noopener"
                    target="_blank"
                  >
                    Loyola Marymount University 2016
                  </a>
                </h4>
              </div>
            </div>
          </div>
        </div>
      </div>
    </div>
  </main>
</div>
`;
